:Container.qt_tabwidget_stackedwidget_QStackedWidget	{container=':SocietyPro v*.Container_QSplitter' name='qt_tabwidget_stackedwidget' type='QStackedWidget' visible='1'}
:Container_CloseButton	{container=':SocietyPro v*.Container_QSplitter' type='CloseButton' unnamed='1' visible='1'}
:Container_QTabBar	{container=':SocietyPro v*.Container_QSplitter' type='QTabBar' unnamed='1' visible='1'}
:Navigation.Role: *_QToolButton	{container=':SocietyPro v*.Navigation_WNavigationTree' text?='Role: *' type='QToolButton' unnamed='1' visible='1'}
:Navigation_QTreeWidget	{container=':SocietyPro v*.Navigation_WNavigationTree' type='QTreeWidget' unnamed='1' visible='1'}
:SocietyPro v*.Container_QSplitter	{name='Container' type='QSplitter' visible='1' window=':SocietyPro v*_WMainWindow'}
:SocietyPro v*.Message Log_QDockWidget	{name='Message Log' type='QDockWidget' visible='1' window=':SocietyPro v*_WMainWindow' windowTitle='Message Log'}
:SocietyPro v*.Message Log_QMenu	{aboveWidget=':SocietyPro v*.Message Log_QDockWidget' type='QMenu' unnamed='1' visible='1' window=':SocietyPro v*_WMainWindow'}
:SocietyPro v*.Navigation_WNavigationTree	{name='Navigation' type='WNavigationTree' visible='1' window=':SocietyPro v*_WMainWindow' windowTitle='Navigation'}
:SocietyPro v*.qt_edit_menu_QMenu	{name='qt_edit_menu' type='QMenu' visible='1' window=':SocietyPro v*_WMainWindow'}
:SocietyPro v*_QMenu	{type='QMenu' unnamed='1' visible='1' window=':SocietyPro v*_WMainWindow'}
:SocietyPro v*_WMainWindow	{type='WMainWindow' unnamed='1' visible='1' windowTitle?='SocietyPro v*'}
:TabItem	{container=':Container_QTabBar' text?='*' type='TabItem'}
:Web Browser_QModelIndex	{column='0' container=':Navigation_QTreeWidget' text='Web Browser' type='QModelIndex'}
:_QLineEdit	{container=':qt_tabwidget_stackedwidget_WWebViewTabbed' type='QLineEdit' unnamed='1' visible='1'}
:qt_splithandle_.Card_HTML_Object	{className='roleCard' container=':qt_splithandle__QWebView' tagName='DIV' type='HTML_Object'}
:qt_splithandle_.Role Avatar_HTML_Object	{container=':qt_splithandle__QWebView' tagName='DIV' title='Role Avatar' type='HTML_Object'}
:qt_splithandle_.Role Card_HTML_Object	{container=':qt_splithandle__QWebView' tagName='DIV' title='Role Card' type='HTML_Object'}
:qt_splithandle_.Role Name_HTML_Object	{container=':qt_splithandle__QWebView' tagName='DIV' title='Role Name' type='HTML_Object'}
:qt_splithandle_.a_HTML_Object	{container=':qt_splithandle__QWebView' innerText='a' tagName='DIV' type='HTML_Object'}
:qt_splithandle_.appTitle_HTML_Object	{container=':qt_splithandle__QWebView' id='appTitle' tagName='H2' type='HTML_Object'}
:qt_splithandle_.appToolbar_HTML_Object	{container=':qt_splithandle__QWebView' id='appToolbar' tagName='MATERIAL-TOOLBAR' type='HTML_Object'}
:qt_splithandle_.bigLogo_HTML_Object	{container=':qt_splithandle__QWebView' id='bigLogo' tagName='DIV' type='HTML_Object'}
:qt_splithandle_.cardRoleName_HTML_Object	{className='cardRoleName' container=':qt_splithandle__QWebView' tagName='DIV' type='HTML_Object'}
:qt_splithandle_.menu-drawer-button_HTML_Object	{container=':qt_splithandle__QWebView' id='menu-drawer-button' tagName='DIV' type='HTML_Object'}
:qt_splithandle_.r_HTML_Object	{container=':qt_splithandle__QWebView' innerText='r' tagName='DIV' type='HTML_Object'}
:qt_splithandle_.roleCard_HTML_Object	{container=':qt_splithandle__QWebView' domClassName='roleCard' tagName='DIV' type='HTML_Object'}
:qt_splithandle__QSplitterHandle	{container=':qt_tabwidget_stackedwidget_WWebViewTabbed' name='qt_splithandle_' type='QSplitterHandle' visible='1'}
:qt_splithandle__QWebView	{aboveWidget=':qt_splithandle__QSplitterHandle' container=':qt_tabwidget_stackedwidget_WWebViewTabbed' type='QWebView' unnamed='1' visible='1'}
:qt_tabwidget_stackedwidget_WWebViewTabbed	{container=':Container.qt_tabwidget_stackedwidget_QStackedWidget' type='WWebViewTabbed' unnamed='1' visible='1'}
